// Jest Snapshot v1, https://goo.gl/fbAQLP

exports[`MapComponent renders 1`] = `
ShallowWrapper {
  Symbol(enzyme.__root__): [Circular],
  Symbol(enzyme.__unrendered__): <Provider
    store={
      Object {
        "dispatch": [Function],
        "getState": [Function],
        "replaceReducer": [Function],
        "subscribe": [Function],
        Symbol(observable): [Function],
      }
    }
  >
    <UNDEFINED />
  </Provider>,
  Symbol(enzyme.__renderer__): Object {
    "batchedUpdates": [Function],
    "checkPropTypes": [Function],
    "getNode": [Function],
    "render": [Function],
    "simulateError": [Function],
    "simulateEvent": [Function],
    "unmount": [Function],
  },
  Symbol(enzyme.__node__): Object {
    "instance": null,
    "key": undefined,
    "nodeType": "function",
    "props": Object {
      "children": <UNDEFINED />,
      "value": Object {
        "store": Object {
          "dispatch": [Function],
          "getState": [Function],
          "replaceReducer": [Function],
          "subscribe": [Function],
          Symbol(observable): [Function],
        },
        "subscription": Subscription {
          "handleChangeWrapper": [Function],
          "listeners": Object {
            "clear": [Function],
            "get": [Function],
            "notify": [Function],
            "subscribe": [Function],
          },
          "onStateChange": [Function],
          "parentSub": undefined,
          "store": Object {
            "dispatch": [Function],
            "getState": [Function],
            "replaceReducer": [Function],
            "subscribe": [Function],
            Symbol(observable): [Function],
          },
          "unsubscribe": [Function],
        },
      },
    },
    "ref": null,
    "rendered": Object {
      "instance": null,
      "key": undefined,
      "nodeType": "function",
      "props": Object {},
      "ref": null,
      "rendered": null,
      "type": Object {
        "$$typeof": Symbol(react.memo),
        "WrappedComponent": Object {
          "$$typeof": Symbol(react.forward_ref),
          "defaultProps": Object {
            "destroyOnUnmount": false,
            "enableReinitialize": false,
            "forceUnregisterOnUnmount": false,
            "form": "locationSearchForm",
            "getFormState": [Function],
            "keepDirtyOnReinitialize": false,
            "onSubmitSuccess": [Function],
            "persistentSubmitErrors": false,
            "pure": true,
            "shouldAsyncValidate": [Function],
            "shouldError": [Function],
            "shouldValidate": [Function],
            "shouldWarn": [Function],
            "submitAsSideEffect": false,
            "touchOnBlur": true,
            "touchOnChange": false,
            "updateUnregisteredFields": false,
            "validate": [Function],
          },
          "displayName": "ReduxForm",
          "render": [Function],
          Symbol(Symbol.hasInstance): [Function],
        },
        "compare": null,
        "displayName": "Connect(ReduxForm)",
        "type": [Function],
        Symbol(Symbol.hasInstance): [Function],
      },
    },
    "type": Object {
      "$$typeof": Symbol(react.provider),
      "_context": Object {
        "$$typeof": Symbol(react.context),
        "Consumer": Object {
          "$$typeof": Symbol(react.context),
          "_calculateChangedBits": null,
          "_context": [Circular],
        },
        "Provider": [Circular],
        "_calculateChangedBits": null,
        "_currentRenderer": null,
        "_currentRenderer2": null,
        "_currentValue": null,
        "_currentValue2": null,
        "_threadCount": 0,
      },
    },
  },
  Symbol(enzyme.__nodes__): Array [
    Object {
      "instance": null,
      "key": undefined,
      "nodeType": "function",
      "props": Object {
        "children": <UNDEFINED />,
        "value": Object {
          "store": Object {
            "dispatch": [Function],
            "getState": [Function],
            "replaceReducer": [Function],
            "subscribe": [Function],
            Symbol(observable): [Function],
          },
          "subscription": Subscription {
            "handleChangeWrapper": [Function],
            "listeners": Object {
              "clear": [Function],
              "get": [Function],
              "notify": [Function],
              "subscribe": [Function],
            },
            "onStateChange": [Function],
            "parentSub": undefined,
            "store": Object {
              "dispatch": [Function],
              "getState": [Function],
              "replaceReducer": [Function],
              "subscribe": [Function],
              Symbol(observable): [Function],
            },
            "unsubscribe": [Function],
          },
        },
      },
      "ref": null,
      "rendered": Object {
        "instance": null,
        "key": undefined,
        "nodeType": "function",
        "props": Object {},
        "ref": null,
        "rendered": null,
        "type": Object {
          "$$typeof": Symbol(react.memo),
          "WrappedComponent": Object {
            "$$typeof": Symbol(react.forward_ref),
            "defaultProps": Object {
              "destroyOnUnmount": false,
              "enableReinitialize": false,
              "forceUnregisterOnUnmount": false,
              "form": "locationSearchForm",
              "getFormState": [Function],
              "keepDirtyOnReinitialize": false,
              "onSubmitSuccess": [Function],
              "persistentSubmitErrors": false,
              "pure": true,
              "shouldAsyncValidate": [Function],
              "shouldError": [Function],
              "shouldValidate": [Function],
              "shouldWarn": [Function],
              "submitAsSideEffect": false,
              "touchOnBlur": true,
              "touchOnChange": false,
              "updateUnregisteredFields": false,
              "validate": [Function],
            },
            "displayName": "ReduxForm",
            "render": [Function],
            Symbol(Symbol.hasInstance): [Function],
          },
          "compare": null,
          "displayName": "Connect(ReduxForm)",
          "type": [Function],
          Symbol(Symbol.hasInstance): [Function],
        },
      },
      "type": Object {
        "$$typeof": Symbol(react.provider),
        "_context": Object {
          "$$typeof": Symbol(react.context),
          "Consumer": Object {
            "$$typeof": Symbol(react.context),
            "_calculateChangedBits": null,
            "_context": [Circular],
          },
          "Provider": [Circular],
          "_calculateChangedBits": null,
          "_currentRenderer": null,
          "_currentRenderer2": null,
          "_currentValue": null,
          "_currentValue2": null,
          "_threadCount": 0,
        },
      },
    },
  ],
  Symbol(enzyme.__options__): Object {
    "adapter": ReactSixteenAdapter {
      "options": Object {
        "enableComponentDidUpdateOnSetState": true,
        "legacyContextMode": "parent",
        "lifecycles": Object {
          "componentDidUpdate": Object {
            "onSetState": true,
          },
          "getChildContext": Object {
            "calledByRenderer": false,
          },
          "getDerivedStateFromError": true,
          "getDerivedStateFromProps": Object {
            "hasShouldComponentUpdateBug": false,
          },
          "getSnapshotBeforeUpdate": true,
          "setState": Object {
            "skipsComponentDidUpdateOnNullish": true,
          },
        },
      },
    },
  },
  Symbol(enzyme.__childContext__): null,
}
`;
